
> story_generator_ai@0.1.0 build
> next build

鈻?Next.js 16.1.7 (Turbopack)
- Environments: .env

  Creating an optimized production build ...
鉁?Compiled successfully in 7.5s
  Running TypeScript ...
  Collecting page data using 15 workers ...
npm : Error: Cannot find module 'node:stream': Unsuppo
rted external type Url for commonjs reference
所在位置 行:1 字符: 1
+ npm run build > build_error.log 2>&1
+ ~~~~~~~~~~~~~~~~~~~~~~~~~~~~~~~~~~~~
    + CategoryInfo          : NotSpecified: (Error: C 
   annot f...monjs reference:String) [], RemoteExcep  
  tion
    + FullyQualifiedErrorId : NativeCommandError
 
    at <unknown> (E:\rayga\Documents\desktop_documents
\projects\Story_generator_AI\.next\server\edge\chunks\
[root-of-the-server]__630ad1ab._.js:16:339088)
    at module evaluation (E:\rayga\Documents\desktop_d
ocuments\projects\Story_generator_AI\.next\server\edge
\chunks\[root-of-the-server]__630ad1ab._.js:16:339219)
    at module evaluation (E:\rayga\Documents\desktop_d
ocuments\projects\Story_generator_AI\.next\server\edge
\chunks\[root-of-the-server]__630ad1ab._.js:16:345809)
    at module evaluation (E:\rayga\Documents\desktop_d
ocuments\projects\Story_generator_AI\.next\server\edge
\chunks\[root-of-the-server]__630ad1ab._.js:16:347629)
 {
  code: 'MODULE_NOT_FOUND'
}

> Build error occurred
Error: Failed to collect page data for /api/story/chat
    at ignore-listed frames {
  type: 'Error'
}
